// Jest Snapshot v1, https://goo.gl/fbAQLP

exports[`correctly renders the Header component 1`] = `<h1 />`;
